// Jest Snapshot v1, https://goo.gl/fbAQLP

exports[`<ArticleComment /> render 1`] = `"<div><div class=\\"article-comment\\"><div class=\\"article-comment__email\\">Eliseo@gardner.biz</div><div class=\\"article-comment__body\\">laudantium enim quasi est quidem magnam voluptate ipsam eos tempora quo necessitatibus dolor quam autem quasi reiciendis et nam sapiente accusantium</div></div></div>"`;
