// Jest Snapshot v1, https://goo.gl/fbAQLP

exports[`renders learn react link 1`] = `"<main><h1>Latest topics</h1><p>Loading...</p></main>"`;
